Microchip MPLAB XC8 Compiler V2.20

Linker command line:

-W-3 --edf=C:\Program Files\Microchip\xc8\v2.20\pic\dat\en_msgs.txt -cn \
  -h+dist/default/production\JAMES.X.production.sym \
  --cmf=dist/default/production\JAMES.X.production.cmf -z -Q18F4550 \
  -oC:\Users\juanp\AppData\Local\Temp\s7s.2 --defsym=__MPLAB_BUILD=1 \
  -Mdist/default/production/JAMES.X.production.map -E1 -ver=XC8 Compiler \
  --acfsm=1493 -ASTACK=0178h-07FFh -pstack=STACK -ACODE=00h-07FFFh \
  -ACONST=00h-07FFFh -ASMALLCONST=0800h-08FFhx120 \
  -AMEDIUMCONST=0800h-07FFFh -ACOMRAM=01h-05Fh -AABS1=00h-07FFh \
  -ABIGRAM=01h-07FFh -ARAM=060h-0FFh,0100h-01FFhx7 -ABANK0=060h-0FFh \
  -ABANK1=0100h-01FFh -ABANK2=0200h-02FFh -ABANK3=0300h-03FFh \
  -ABANK4=0400h-04FFh -ABANK5=0500h-05FFh -ABANK6=0600h-06FFh \
  -ABANK7=0700h-07FFh -ASFR=0F60h-0FFFh -ACONFIG=0300000h-030000Dh \
  -AIDLOC=0200000h-0200007h \
  -preset_vec=00h,intcode=08h,intcodelo,powerup,init -pramtop=0800h \
  -psmallconst=SMALLCONST -pmediumconst=MEDIUMCONST -pconst=CONST \
  -AFARRAM=00h-00h -AEEDATA=0F00000h-0F000FFh -peeprom_data=EEDATA \
  -prdata=COMRAM,nvrram=COMRAM,nvbit=COMRAM,rbss=COMRAM,rbit=COMRAM \
  -pfarbss=FARRAM,fardata=FARRAM,nvFARRAM=FARRAM \
  -pintsave_regs=BIGRAM,bigbss=BIGRAM,bigdata=BIGRAM -pbss=RAM \
  -pidata=CODE,irdata=CODE,ibigdata=CODE,ifardata=CODE -prparam=COMRAM \
  C:\Users\juanp\AppData\Local\Temp\s7s.o \
  dist/default/production\JAMES.X.production.o 

Object code version is 3.11

Machine type is 18F4550



                Name                               Link     Load   Length Selector   Space Scale
C:\Users\juanp\AppData\Local\Temp\s7s.o
                idloc                            200000   200000        8        0       5
                config                           300000   300000        E        0       4
                init                                  E        E        4        4       0
                reset_vec                             0        0        4        0       0
dist/default/production\JAMES.X.production.o
                intcode                               8        8        6        4       0
                idloc                            200000   200000        8        0       5
                config                           300000   300000        E        0       4
                temp                                 5D       5D        1        1       1
                smallconst                          800      800       D8      400       0
                text50                             4BBC     4BBC       18      46C       0
                text49                             4BEA     4BEA       16      46C       0
                intcode_body                       3F36     3F36       DA      46C       0
                text47                             4B64     4B64       22      46C       0
                text46                             39E6     39E6      12C      46C       0
                text45                             43EA     43EA       AC      46C       0
                text44                             4996     4996       46      46C       0
                text43                             4C0E     4C0E        E      46C       0
                text42                             45E8     45E8       82      46C       0
                text41                             4BA4     4BA4       18      46C       0
                text40                             4C00     4C00        E      46C       0
                text39                             466A     466A       6C      46C       0
                text38                             33B6     33B6      1B4      46C       0
                text37                             4B3E     4B3E       26      46C       0
                text36                             4AD0     4AD0       38      46C       0
                text35                             48FE     48FE       52      46C       0
                text34                             356A     356A      190      46C       0
                text33                             36FA     36FA      188      46C       0
                text32                             3882     3882      164      46C       0
                text31                             4A20     4A20       40      46C       0
                text30                             4C1E     4C1E        2      46C       0
                text29                             40E6     40E6       CA      46C       0
                text28                             49DC     49DC       44      46C       0
                text27                             4B08     4B08       36      46C       0
                text26                             41B0     41B0       C6      46C       0
                text25                             2EC0     2EC0      2E4      46C       0
                text24                             4276     4276       C4      46C       0
                text23                             433A     433A       B0      46C       0
                text22                             2B26     2B26      39A      46C       0
                text21                             4496     4496       AA      46C       0
                text20                             3D34     3D34      104      46C       0
                text19                             26FC     26FC      42A      46C       0
                text18                             4A98     4A98       38      46C       0
                text17                             223C     223C      4C0      46C       0
                text16                             4950     4950       46      46C       0
                text15                             3C2E     3C2E      106      46C       0
                text14                             3E38     3E38       FE      46C       0
                text13                             31A4     31A4      212      46C       0
                text12                             47F8     47F8       5C      46C       0
                text11                             4A60     4A60       38      46C       0
                text10                             4798     4798       60      46C       0
                text9                               8D8      8D8      BB0      46C       0
                text8                              4010     4010       D6      46C       0
                text7                              1C08     1C08      634      46C       0
                text6                              46D6     46D6       62      46C       0
                text5                              48AC     48AC       52      46C       0
                text4                              1488     1488      780      46C       0
                text3                              4540     4540       A8      46C       0
                text2                              4BD4     4BD4       16      46C       0
                text1                              3B12     3B12      11C      46C       0
                text0                              4854     4854       58      46C       0
                cstackCOMRAM                          1        1       5B        1       1
                cstackBANK0                          60       60       7E       60       1
                cstackBANK1                         176      176        2      100       1
                dataBANK1                           158      158       1E      100       1
                bssBANK1                            100      100       58      100       1
                dataBANK0                            FE       FE        2       60       1
                bssBANK0                             DE       DE       20       60       1
                bssCOMRAM                            5C       5C        1        1       1
                cinit                              4738     4738       60      46C       0
                idataBANK1                         4B86     4B86       1E      46C       0
                idataBANK0                         4C1C     4C1C        2      46C       0

TOTAL           Name                               Link     Load   Length     Space
        CLASS   STACK          

        CLASS   CODE           
                intcode                               8        8        6         0
                init                                  E        E        4         0
                reset_vec                             0        0        4         0
                text50                             4BBC     4BBC       18         0
                text49                             4BEA     4BEA       16         0
                intcode_body                       3F36     3F36       DA         0
                text47                             4B64     4B64       22         0
                text46                             39E6     39E6      12C         0
                text45                             43EA     43EA       AC         0
                text44                             4996     4996       46         0
                text43                             4C0E     4C0E        E         0
                text42                             45E8     45E8       82         0
                text41                             4BA4     4BA4       18         0
                text40                             4C00     4C00        E         0
                text39                             466A     466A       6C         0
                text38                             33B6     33B6      1B4         0
                text37                             4B3E     4B3E       26         0
                text36                             4AD0     4AD0       38         0
                text35                             48FE     48FE       52         0
                text34                             356A     356A      190         0
                text33                             36FA     36FA      188         0
                text32                             3882     3882      164         0
                text31                             4A20     4A20       40         0
                text30                             4C1E     4C1E        2         0
                text29                             40E6     40E6       CA         0
                text28                             49DC     49DC       44         0
                text27                             4B08     4B08       36         0
                text26                             41B0     41B0       C6         0
                text25                             2EC0     2EC0      2E4         0
                text24                             4276     4276       C4         0
                text23                             433A     433A       B0         0
                text22                             2B26     2B26      39A         0
                text21                             4496     4496       AA         0
                text20                             3D34     3D34      104         0
                text19                             26FC     26FC      42A         0
                text18                             4A98     4A98       38         0
                text17                             223C     223C      4C0         0
                text16                             4950     4950       46         0
                text15                             3C2E     3C2E      106         0
                text14                             3E38     3E38       FE         0
                text13                             31A4     31A4      212         0
                text12                             47F8     47F8       5C         0
                text11                             4A60     4A60       38         0
                text10                             4798     4798       60         0
                text9                               8D8      8D8      BB0         0
                text8                              4010     4010       D6         0
                text7                              1C08     1C08      634         0
                text6                              46D6     46D6       62         0
                text5                              48AC     48AC       52         0
                text4                              1488     1488      780         0
                text3                              4540     4540       A8         0
                text2                              4BD4     4BD4       16         0
                text1                              3B12     3B12      11C         0
                text0                              4854     4854       58         0
                cinit                              4738     4738       60         0
                idataBANK1                         4B86     4B86       1E         0
                idataBANK0                         4C1C     4C1C        2         0

        CLASS   CONST          

        CLASS   SMALLCONST     
                smallconst                          800      800       D8         0

        CLASS   MEDIUMCONST    

        CLASS   COMRAM         
                temp                                 5D       5D        1         1
                cstackCOMRAM                          1        1       5B         1
                bssCOMRAM                            5C       5C        1         1

        CLASS   ABS1           

        CLASS   BIGRAM         

        CLASS   RAM            

        CLASS   BANK0          
                cstackBANK0                          60       60       7E         1
                dataBANK0                            FE       FE        2         1
                bssBANK0                             DE       DE       20         1

        CLASS   BANK1          
                cstackBANK1                         176      176        2         1
                dataBANK1                           158      158       1E         1
                bssBANK1                            100      100       58         1

        CLASS   BANK2          

        CLASS   BANK3          

        CLASS   BANK4          

        CLASS   BANK5          

        CLASS   BANK6          

        CLASS   BANK7          

        CLASS   SFR            

        CLASS   CONFIG         
                config                           300000   300000        E         4

        CLASS   IDLOC          
                idloc                            200000   200000        8         5

        CLASS   FARRAM         

        CLASS   EEDATA         



SEGMENTS        Name                           Load    Length   Top    Selector   Space  Class

                reset_vec                      000000  000004  000004         0       0  CODE    
                cstackCOMRAM                   000001  00005D  00005E         1       1  COMRAM  
                intcode                        000008  00000A  000012         4       0  CODE    
                cstackBANK0                    000060  0000A0  000100        60       1  BANK0   
                bssBANK1                       000100  000078  000178       100       1  BANK1   
                smallconst                     000800  0000D8  0008D8       400       0  SMALLCON
                text9                          0008D8  004348  004C20       46C       0  CODE    


UNUSED ADDRESS RANGES

        Name                Unused          Largest block    Delta
        BANK1            000178-0001FF               88
        BANK2            000200-0002FF              100
        BANK3            000300-0003FF              100
        BANK4            000400-0004FF              100
        BANK5            000500-0005FF              100
        BANK6            000600-0006FF              100
        BANK7            000700-0007FF              100
        BIGRAM           00005E-00005F                2
                         000178-0007FF              688
        CODE             000004-000007                4
                         000012-0007FF              7EE
                         004C20-007FFF             33E0
        COMRAM           00005E-00005F                2
        CONST            000004-000007                4
                         000012-0007FF              7EE
                         004C20-007FFF             33E0
        EEDATA           F00000-F000FF              100
        MEDIUMCONST      004C20-007FFF             33E0
        RAM              000178-0007FF              100
        SFR              000F60-000FFF               A0
        SMALLCONST       004C20-007FFF              100
        STACK            000178-0007FF              688

                                  Symbol Table

?_ADC_Read                  cstackCOMRAM 000002
?___aodiv                   cstackCOMRAM 000002
?___aomod                   cstackCOMRAM 000002
?___awdiv                   cstackCOMRAM 000002
?___awmod                   cstackCOMRAM 000002
?___fladd                   cstackCOMRAM 000042
?___fldiv                   cstackCOMRAM 000029
?___flmul                   cstackCOMRAM 000010
?___flneg                   cstackCOMRAM 000002
?___flsub                   cstackCOMRAM 000052
?___fltol                   cstackCOMRAM 000052
?___fpclassifyf             cstackCOMRAM 000002
?___wmul                    cstackCOMRAM 000002
?___xxtofl                  cstackCOMRAM 000002
?_abs                       cstackCOMRAM 000014
?_atoi                      cstackCOMRAM 000009
?_dtoa                      cstackCOMRAM 00001D
?_efgtoa                    cstackBANK0  000060
?_floorf                    cstackCOMRAM 000042
?_isdigit                   cstackCOMRAM 000002
?_isspace                   cstackCOMRAM 000002
?_isupper                   cstackCOMRAM 000002
?_pad                       cstackCOMRAM 000012
?_sprintf                   cstackBANK0  0000CC
?_strlen                    cstackCOMRAM 000002
?_strncmp                   cstackCOMRAM 000002
?_tolower                   cstackCOMRAM 000008
?_vfpfcnvrt                 cstackBANK0  0000A4
?_vfprintf                  cstackBANK0  0000C4
ADC_Init@kTad               cstackCOMRAM 000002
ADC_Init@kTosc              cstackCOMRAM 000004
ADC_Read@miCanal            cstackCOMRAM 000008
ADC_Read@miConver           cstackCOMRAM 000006
LCD_Chr@letra               cstackCOMRAM 00000B
LCD_Chr@x                   cstackCOMRAM 00000A
LCD_Chr@y                   cstackCOMRAM 00000C
LCD_Chr_Cp@letra            cstackCOMRAM 000005
LCD_Cmd@cmd                 cstackCOMRAM 000005
LCD_Out@text                cstackCOMRAM 00000B
LCD_Out@x                   cstackCOMRAM 00000A
LCD_Out@y                   cstackCOMRAM 00000D
LCD_XY@x                    cstackCOMRAM 000006
LCD_XY@y                    cstackCOMRAM 000009
UART_Init@BAUDRATE          cstackBANK0  000060
UART_Wrrite_Chr@letra       cstackCOMRAM 000002
_ADCON0bits                 (abs)        000FC2
_ADCON1                     (abs)        000FC1
_ADCON2bits                 (abs)        000FC0
_ADC_Init                   text47       004B64
_ADC_Read                   text44       004996
_ADRESH                     (abs)        000FC4
_ADRESL                     (abs)        000FC3
_CREN                       (abs)        007D5C
_INTCONbits                 (abs)        000FF2
_LATDbits                   (abs)        000F8C
_LCD_Chr                    text41       004BA4
_LCD_Chr_Cp                 text40       004C00
_LCD_Cmd                    text43       004C0E
_LCD_Init                   text45       0043EA
_LCD_Out                    text39       00466A
_LCD_XY                     text42       0045E8
_MenuP                      text4        001488
_PIE1bits                   (abs)        000F9D
_PIR1bits                   (abs)        000F9E
_PORTCbits                  (abs)        000F82
_PORTD                      (abs)        000F83
_RCREG                      (abs)        000FAE
_RCSTA                      (abs)        000FAB
_RCSTAbits                  (abs)        000FAB
_SPBRG                      (abs)        000FAF
_TRISC                      (abs)        000F94
_TRISCbits                  (abs)        000F94
_TRISDbits                  (abs)        000F95
_TXREG                      (abs)        000FAD
_TXSTA                      (abs)        000FAC
_UART_Init                  text3        004540
_UART_Read                  text50       004BBC
_UART_Wrrite_Chr            text2        004BD4
__HRAM                      (abs)        000000
__Habs1                     abs1         000000
__Hbank0                    bank0        000000
__Hbank1                    bank1        000000
__Hbank2                    bank2        000000
__Hbank3                    bank3        000000
__Hbank4                    bank4        000000
__Hbank5                    bank5        000000
__Hbank6                    bank6        000000
__Hbank7                    bank7        000000
__Hbigbss                   bigbss       000000
__Hbigdata                  bigdata      000000
__Hbigram                   bigram       000000
__Hbss                      bss          000000
__HbssBANK0                 bssBANK0     000000
__HbssBANK1                 bssBANK1     000000
__HbssCOMRAM                bssCOMRAM    000000
__Hcinit                    cinit        000000
__Hclrtext                  clrtext      000000
__Hcomram                   comram       000000
__Hconfig                   config       30000E
__Hconst                    const        000000
__HcstackBANK0              cstackBANK0  000000
__HcstackBANK1              cstackBANK1  000000
__HcstackCOMRAM             cstackCOMRAM 000000
__Hdata                     data         000000
__HdataBANK0                dataBANK0    000000
__HdataBANK1                dataBANK1    000000
__Heeprom_data              eeprom_data  000000
__Hfarbss                   farbss       000000
__Hfardata                  fardata      000000
__Hibigdata                 ibigdata     000000
__Hidata                    idata        000000
__HidataBANK0               idataBANK0   000000
__HidataBANK1               idataBANK1   000000
__Hidloc                    idloc        200008
__Hifardata                 ifardata     000000
__Hinit                     init         000012
__Hintcode                  intcode      00000E
__Hintcode_body             intcode_body 000000
__Hintcodelo                intcodelo    00000E
__Hintentry                 intentry     000000
__Hintret                   intret       000000
__Hintsave_regs             intsave_regs 000000
__Hirdata                   irdata       000000
__Hmediumconst              mediumconst  000000
__HnvFARRAM                 nvFARRAM     000000
__Hnvbit                    nvbit        000000
__Hnvrram                   nvrram       000000
__Hparam                    rparam       000000
__Hpowerup                  powerup      00000E
__Hram                      ram          000000
__Hramtop                   ramtop       000800
__Hrbit                     rbit         000000
__Hrbss                     rbss         000000
__Hrdata                    rdata        000000
__Hreset_vec                reset_vec    000004
__Hrparam                   rparam       000000
__Hsfr                      sfr          000000
__Hsmallconst               smallconst   0008D8
__Hspace_0                  (abs)        004C20
__Hspace_1                  (abs)        000178
__Hspace_2                  (abs)        000000
__Hspace_4                  (abs)        60000E
__Hstack                    stack        000000
__Hstruct                   struct       000000
__Htemp                     temp         00005E
__Htext                     text         000000
__Htext0                    text0        000000
__Htext1                    text1        000000
__Htext10                   text10       000000
__Htext11                   text11       000000
__Htext12                   text12       000000
__Htext13                   text13       000000
__Htext14                   text14       000000
__Htext15                   text15       000000
__Htext16                   text16       000000
__Htext17                   text17       000000
__Htext18                   text18       000000
__Htext19                   text19       000000
__Htext2                    text2        000000
__Htext20                   text20       000000
__Htext21                   text21       000000
__Htext22                   text22       000000
__Htext23                   text23       000000
__Htext24                   text24       000000
__Htext25                   text25       000000
__Htext26                   text26       000000
__Htext27                   text27       000000
__Htext28                   text28       000000
__Htext29                   text29       000000
__Htext3                    text3        000000
__Htext30                   text30       000000
__Htext31                   text31       000000
__Htext32                   text32       000000
__Htext33                   text33       000000
__Htext34                   text34       000000
__Htext35                   text35       000000
__Htext36                   text36       000000
__Htext37                   text37       000000
__Htext38                   text38       000000
__Htext39                   text39       000000
__Htext4                    text4        000000
__Htext40                   text40       000000
__Htext41                   text41       000000
__Htext42                   text42       000000
__Htext43                   text43       000000
__Htext44                   text44       000000
__Htext45                   text45       000000
__Htext46                   text46       000000
__Htext47                   text47       000000
__Htext49                   text49       000000
__Htext5                    text5        000000
__Htext50                   text50       000000
__Htext6                    text6        000000
__Htext7                    text7        000000
__Htext8                    text8        000000
__Htext9                    text9        000000
__LRAM                      (abs)        000001
__Labs1                     abs1         000000
__Lbank0                    bank0        000000
__Lbank1                    bank1        000000
__Lbank2                    bank2        000000
__Lbank3                    bank3        000000
__Lbank4                    bank4        000000
__Lbank5                    bank5        000000
__Lbank6                    bank6        000000
__Lbank7                    bank7        000000
__Lbigbss                   bigbss       000000
__Lbigdata                  bigdata      000000
__Lbigram                   bigram       000000
__Lbss                      bss          000000
__LbssBANK0                 bssBANK0     000000
__LbssBANK1                 bssBANK1     000000
__LbssCOMRAM                bssCOMRAM    000000
__Lcinit                    cinit        000000
__Lclrtext                  clrtext      000000
__Lcomram                   comram       000000
__Lconfig                   config       000000
__Lconst                    const        000000
__LcstackBANK0              cstackBANK0  000000
__LcstackBANK1              cstackBANK1  000000
__LcstackCOMRAM             cstackCOMRAM 000000
__Ldata                     data         000000
__LdataBANK0                dataBANK0    000000
__LdataBANK1                dataBANK1    000000
__Leeprom_data              eeprom_data  000000
__Lfarbss                   farbss       000000
__Lfardata                  fardata      000000
__Libigdata                 ibigdata     000000
__Lidata                    idata        000000
__LidataBANK0               idataBANK0   000000
__LidataBANK1               idataBANK1   000000
__Lidloc                    idloc        000000
__Lifardata                 ifardata     000000
__Linit                     init         00000E
__Lintcode                  intcode      000008
__Lintcode_body             intcode_body 000000
__Lintcodelo                intcodelo    00000E
__Lintentry                 intentry     000000
__Lintret                   intret       000000
__Lintsave_regs             intsave_regs 000000
__Lirdata                   irdata       000000
__Lmediumconst              mediumconst  000000
__LnvFARRAM                 nvFARRAM     000000
__Lnvbit                    nvbit        000000
__Lnvrram                   nvrram       000000
__Lparam                    rparam       000000
__Lpowerup                  powerup      00000E
__Lram                      ram          000000
__Lramtop                   ramtop       000800
__Lrbit                     rbit         000000
__Lrbss                     rbss         000000
__Lrdata                    rdata        000000
__Lreset_vec                reset_vec    000000
__Lrparam                   rparam       000000
__Lsfr                      sfr          000000
__Lsmallconst               smallconst   000800
__Lspace_0                  (abs)        000000
__Lspace_1                  (abs)        000000
__Lspace_2                  (abs)        000000
__Lspace_4                  (abs)        000000
__Lstack                    stack        000000
__Lstruct                   struct       000000
__Ltemp                     temp         00005D
__Ltext                     text         000000
__Ltext0                    text0        000000
__Ltext1                    text1        000000
__Ltext10                   text10       000000
__Ltext11                   text11       000000
__Ltext12                   text12       000000
__Ltext13                   text13       000000
__Ltext14                   text14       000000
__Ltext15                   text15       000000
__Ltext16                   text16       000000
__Ltext17                   text17       000000
__Ltext18                   text18       000000
__Ltext19                   text19       000000
__Ltext2                    text2        000000
__Ltext20                   text20       000000
__Ltext21                   text21       000000
__Ltext22                   text22       000000
__Ltext23                   text23       000000
__Ltext24                   text24       000000
__Ltext25                   text25       000000
__Ltext26                   text26       000000
__Ltext27                   text27       000000
__Ltext28                   text28       000000
__Ltext29                   text29       000000
__Ltext3                    text3        000000
__Ltext30                   text30       000000
__Ltext31                   text31       000000
__Ltext32                   text32       000000
__Ltext33                   text33       000000
__Ltext34                   text34       000000
__Ltext35                   text35       000000
__Ltext36                   text36       000000
__Ltext37                   text37       000000
__Ltext38                   text38       000000
__Ltext39                   text39       000000
__Ltext4                    text4        000000
__Ltext40                   text40       000000
__Ltext41                   text41       000000
__Ltext42                   text42       000000
__Ltext43                   text43       000000
__Ltext44                   text44       000000
__Ltext45                   text45       000000
__Ltext46                   text46       000000
__Ltext47                   text47       000000
__Ltext49                   text49       000000
__Ltext5                    text5        000000
__Ltext50                   text50       000000
__Ltext6                    text6        000000
__Ltext7                    text7        000000
__Ltext8                    text8        000000
__Ltext9                    text9        000000
__S0                        (abs)        004C20
__S1                        (abs)        000178
__S2                        (abs)        000000
__S4                        (abs)        000000
__S5                        (abs)        000000
___aodiv                    text33       0036FA
___aodiv@counter            cstackCOMRAM 000012
___aodiv@dividend           cstackCOMRAM 000002
___aodiv@divisor            cstackCOMRAM 00000A
___aodiv@quotient           cstackCOMRAM 000014
___aodiv@sign               cstackCOMRAM 000013
___aomod                    text32       003882
___aomod@counter            cstackCOMRAM 000012
___aomod@dividend           cstackCOMRAM 000002
___aomod@divisor            cstackCOMRAM 00000A
___aomod@sign               cstackCOMRAM 000013
___awdiv                    text24       004276
___awdiv@counter            cstackCOMRAM 000006
___awdiv@dividend           cstackCOMRAM 000002
___awdiv@divisor            cstackCOMRAM 000004
___awdiv@quotient           cstackCOMRAM 000008
___awdiv@sign               cstackCOMRAM 000007
___awmod                    text23       00433A
___awmod@counter            cstackCOMRAM 000006
___awmod@dividend           cstackCOMRAM 000002
___awmod@divisor            cstackCOMRAM 000004
___awmod@sign               cstackCOMRAM 000007
___fladd                    text17       00223C
___fladd@a                  cstackCOMRAM 000046
___fladd@aexp               cstackCOMRAM 00004F
___fladd@b                  cstackCOMRAM 000042
___fladd@bexp               cstackCOMRAM 000050
___fladd@grs                cstackCOMRAM 000051
___fladd@signs              cstackCOMRAM 00004E
___fldiv                    text22       002B26
___fldiv@a                  cstackCOMRAM 00002D
___fldiv@aexp               cstackCOMRAM 000041
___fldiv@b                  cstackCOMRAM 000029
___fldiv@bexp               cstackCOMRAM 000040
___fldiv@grs                cstackCOMRAM 00003C
___fldiv@new_exp            cstackCOMRAM 00003A
___fldiv@rem                cstackCOMRAM 000035
___fldiv@sign               cstackCOMRAM 000039
___fleq                     text21       004496
___fleq@ff1                 cstackCOMRAM 000002
___fleq@ff2                 cstackCOMRAM 000006
___flge                     text20       003D34
___flge@ff1                 cstackCOMRAM 000029
___flge@ff2                 cstackCOMRAM 00002D
___flmul                    text19       0026FC
___flmul@a                  cstackCOMRAM 000014
___flmul@aexp               cstackCOMRAM 00001D
___flmul@b                  cstackCOMRAM 000010
___flmul@bexp               cstackCOMRAM 000022
___flmul@grs                cstackCOMRAM 00001E
___flmul@prod               cstackCOMRAM 000023
___flmul@sign               cstackCOMRAM 00001C
___flmul@temp               cstackCOMRAM 000027
___flneg                    text18       004A98
___flneg@f1                 cstackCOMRAM 000002
___flsub                    text16       004950
___flsub@a                  cstackCOMRAM 000056
___flsub@b                  cstackCOMRAM 000052
___fltol                    text15       003C2E
___fltol@exp1               cstackCOMRAM 00005B
___fltol@f1                 cstackCOMRAM 000052
___fltol@sign1              cstackCOMRAM 00005A
___fpclassifyf              text14       003E38
___fpclassifyf@F463         bssBANK1     000104
___fpclassifyf@e            cstackCOMRAM 00000A
___fpclassifyf@u            cstackCOMRAM 00000C
___fpclassifyf@x            cstackCOMRAM 000002
___inthi_sp                 stack        000000
___intlo_sp                 stack        000000
___param_bank               (abs)        000000
___rparam_used              (abs)        000001
___sp                       stack        000000
___wmul                     text37       004B3E
___wmul@multiplicand        cstackCOMRAM 000004
___wmul@multiplier          cstackCOMRAM 000002
___wmul@product             cstackCOMRAM 000006
___xxtofl                   text38       0033B6
___xxtofl@arg               cstackCOMRAM 00000C
___xxtofl@exp               cstackCOMRAM 00000B
___xxtofl@sign              cstackCOMRAM 00000A
___xxtofl@val               cstackCOMRAM 000002
__accesstop                 (abs)        000060
__activetblptr              (abs)        000002
__end_of_ADC_Init           text47       004B86
__end_of_ADC_Read           text44       0049DC
__end_of_LCD_Chr            text41       004BBC
__end_of_LCD_Chr_Cp         text40       004C0E
__end_of_LCD_Cmd            text43       004C1C
__end_of_LCD_Init           text45       004496
__end_of_LCD_Out            text39       0046D6
__end_of_LCD_XY             text42       00466A
__end_of_MenuP              text4        001C08
__end_of_UART_Init          text3        0045E8
__end_of_UART_Read          text50       004BD4
__end_of_UART_Wrrite_Chr    text2        004BEA
__end_of___aodiv            text33       003882
__end_of___aomod            text32       0039E6
__end_of___awdiv            text24       00433A
__end_of___awmod            text23       0043EA
__end_of___fladd            text17       0026FC
__end_of___fldiv            text22       002EC0
__end_of___fleq             text21       004540
__end_of___flge             text20       003E38
__end_of___flmul            text19       002B26
__end_of___flneg            text18       004AD0
__end_of___flsub            text16       004996
__end_of___fltol            text15       003D34
__end_of___fpclassifyf      text14       003F36
__end_of___wmul             text37       004B64
__end_of___xxtofl           text38       00356A
__end_of__initialization    cinit        00478A
__end_of_abs                text31       004A60
__end_of_atoi               text34       0036FA
__end_of_dtoa               text25       0031A4
__end_of_efgtoa             text9        001488
__end_of_enviar_dato        text46       003B12
__end_of_floorf             text13       0033B6
__end_of_fputc              text29       0041B0
__end_of_fputs              text28       004A20
__end_of_isdigit            text36       004B08
__end_of_isspace            text35       004950
__end_of_isupper            text11       004A98
__end_of_main               text0        0048AC
__end_of_nombre             intcode_body 004010
__end_of_pad                text26       004276
__end_of_putch              text30       004C20
__end_of_serial             text1        003C2E
__end_of_sprintf            text5        0048FE
__end_of_strcpy             text12       004854
__end_of_strlen             text27       004B3E
__end_of_strncmp            text8        0040E6
__end_of_tolower            text10       0047F8
__end_of_vfpfcnvrt          text7        00223C
__end_of_vfprintf           text6        004738
__end_ofi2_UART_Wrrite_Chr  text49       004C00
__initialization            cinit        004738
__mediumconst               mediumconst  000000
__pbssBANK0                 bssBANK0     0000DE
__pbssBANK1                 bssBANK1     000100
__pbssCOMRAM                bssCOMRAM    00005C
__pcinit                    cinit        004738
__pcstackBANK0              cstackBANK0  000060
__pcstackBANK1              cstackBANK1  000176
__pcstackCOMRAM             cstackCOMRAM 000001
__pdataBANK0                dataBANK0    0000FE
__pdataBANK1                dataBANK1    000158
__pidataBANK0               idataBANK0   004C1C
__pidataBANK1               idataBANK1   004B86
__pintcode                  intcode      000008
__pintcode_body             intcode_body 003F36
__psmallconst               smallconst   000800
__ptext0                    text0        004854
__ptext1                    text1        003B12
__ptext10                   text10       004798
__ptext11                   text11       004A60
__ptext12                   text12       0047F8
__ptext13                   text13       0031A4
__ptext14                   text14       003E38
__ptext15                   text15       003C2E
__ptext16                   text16       004950
__ptext17                   text17       00223C
__ptext18                   text18       004A98
__ptext19                   text19       0026FC
__ptext2                    text2        004BD4
__ptext20                   text20       003D34
__ptext21                   text21       004496
__ptext22                   text22       002B26
__ptext23                   text23       00433A
__ptext24                   text24       004276
__ptext25                   text25       002EC0
__ptext26                   text26       0041B0
__ptext27                   text27       004B08
__ptext28                   text28       0049DC
__ptext29                   text29       0040E6
__ptext3                    text3        004540
__ptext30                   text30       004C1E
__ptext31                   text31       004A20
__ptext32                   text32       003882
__ptext33                   text33       0036FA
__ptext34                   text34       00356A
__ptext35                   text35       0048FE
__ptext36                   text36       004AD0
__ptext37                   text37       004B3E
__ptext38                   text38       0033B6
__ptext39                   text39       00466A
__ptext4                    text4        001488
__ptext40                   text40       004C00
__ptext41                   text41       004BA4
__ptext42                   text42       0045E8
__ptext43                   text43       004C0E
__ptext44                   text44       004996
__ptext45                   text45       0043EA
__ptext46                   text46       0039E6
__ptext47                   text47       004B64
__ptext49                   text49       004BEA
__ptext5                    text5        0048AC
__ptext50                   text50       004BBC
__ptext6                    text6        0046D6
__ptext7                    text7        001C08
__ptext8                    text8        004010
__ptext9                    text9        0008D8
__ramtop                    ramtop       000800
__size_of_ADC_Init          (abs)        000000
__size_of_ADC_Read          (abs)        000000
__size_of_LCD_Chr           (abs)        000000
__size_of_LCD_Chr_Cp        (abs)        000000
__size_of_LCD_Cmd           (abs)        000000
__size_of_LCD_Init          (abs)        000000
__size_of_LCD_Out           (abs)        000000
__size_of_LCD_XY            (abs)        000000
__size_of_MenuP             (abs)        000000
__size_of_UART_Init         (abs)        000000
__size_of_UART_Read         (abs)        000000
__size_of_UART_Wrrite_Chr   (abs)        000000
__size_of___aodiv           (abs)        000000
__size_of___aomod           (abs)        000000
__size_of___awdiv           (abs)        000000
__size_of___awmod           (abs)        000000
__size_of___fladd           (abs)        000000
__size_of___fldiv           (abs)        000000
__size_of___fleq            (abs)        000000
__size_of___flge            (abs)        000000
__size_of___flmul           (abs)        000000
__size_of___flneg           (abs)        000000
__size_of___flsub           (abs)        000000
__size_of___fltol           (abs)        000000
__size_of___fpclassifyf     (abs)        000000
__size_of___wmul            (abs)        000000
__size_of___xxtofl          (abs)        000000
__size_of_abs               (abs)        000000
__size_of_atoi              (abs)        000000
__size_of_dtoa              (abs)        000000
__size_of_efgtoa            (abs)        000000
__size_of_enviar_dato       (abs)        000000
__size_of_floorf            (abs)        000000
__size_of_fputc             (abs)        000000
__size_of_fputs             (abs)        000000
__size_of_isdigit           (abs)        000000
__size_of_isspace           (abs)        000000
__size_of_isupper           (abs)        000000
__size_of_main              (abs)        000000
__size_of_nombre            (abs)        000000
__size_of_pad               (abs)        000000
__size_of_putch             (abs)        000000
__size_of_serial            (abs)        000000
__size_of_sprintf           (abs)        000000
__size_of_strcpy            (abs)        000000
__size_of_strlen            (abs)        000000
__size_of_strncmp           (abs)        000000
__size_of_tolower           (abs)        000000
__size_of_vfpfcnvrt         (abs)        000000
__size_of_vfprintf          (abs)        000000
__size_ofi2_UART_Wrrite_Chr (abs)        000000
__smallconst                smallconst   000800
_abs                        text31       004A20
_atoi                       text34       00356A
_atoi$1382                  cstackCOMRAM 000011
_atoi$1383                  cstackCOMRAM 000015
_atoi$1384                  cstackCOMRAM 000013
_aux                        dataBANK1    000158
_conver                     bssBANK0     0000FC
_conver1                    bssBANK0     0000FA
_conver2                    bssBANK0     0000F8
_conver3                    bssBANK0     0000F6
_dbuf                       bssBANK1     000108
_dtoa                       text25       002EC0
_dtoa$1291                  cstackCOMRAM 00002F
_efgtoa                     text9        0008D8
_efgtoa$1315                cstackBANK0  000070
_efgtoa$1316                cstackBANK0  000072
_efgtoa$1320                cstackBANK0  000074
_efgtoa$1324                cstackBANK0  000076
_efgtoa$1325                cstackBANK0  000078
_efgtoa$1326                cstackBANK0  00007A
_enviar_dato                text46       0039E6
_flags                      bssBANK0     0000F4
_floorf                     text13       0031A4
_fputc                      text29       0040E6
_fputs                      text28       0049DC
_hum                        bssBANK0     0000EA
_isdigit                    text36       004AD0
_isspace                    text35       0048FE
_isspace$1413               cstackCOMRAM 000008
_isupper                    text11       004A60
_main                       text0        004854
_nombre                     intcode      000008
_nout                       bssBANK0     0000EE
_opcion                     dataBANK0    0000FE
_pad                        text26       0041B0
_peso                       bssBANK0     0000DE
_prec                       bssBANK0     0000F2
_putch                      text30       004C1E
_serial                     text1        003B12
_sprintf                    text5        0048AC
_strcpy                     text12       0047F8
_strlen                     text27       004B08
_strncmp                    text8        004010
_t                          bssCOMRAM    00005C
_temp                       bssBANK0     0000E6
_tempi                      bssBANK0     0000E2
_tolower                    text10       004798
_tolower$1477               cstackCOMRAM 00000E
_txt                        dataBANK1    00016C
_vfpfcnvrt                  text7        001C08
_vfpfcnvrt$1340             cstackBANK0  0000B6
_vfpfcnvrt$1341             cstackBANK0  0000B8
_vfpfcnvrt$1346             cstackBANK0  0000BA
_vfprintf                   text6        0046D6
_width                      bssBANK0     0000F0
abs@a                       cstackCOMRAM 000014
atoi@n                      cstackCOMRAM 000016
atoi@neg                    cstackCOMRAM 00000F
atoi@s                      cstackCOMRAM 000009
btemp                       temp         00005D
dtoa@d                      cstackCOMRAM 00001F
dtoa@fp                     cstackCOMRAM 00001D
dtoa@i                      cstackCOMRAM 00003F
dtoa@n                      cstackCOMRAM 000037
dtoa@p                      cstackCOMRAM 000031
dtoa@s                      cstackCOMRAM 000035
dtoa@w                      cstackCOMRAM 000033
efgtoa@c                    cstackBANK0  000066
efgtoa@d                    cstackBANK0  000084
efgtoa@e                    cstackBANK0  00009C
efgtoa@f                    cstackBANK0  000062
efgtoa@fp                   cstackBANK0  000060
efgtoa@g                    cstackBANK0  000098
efgtoa@h                    cstackBANK0  00008E
efgtoa@i                    cstackBANK0  000096
efgtoa@l                    cstackBANK0  000092
efgtoa@m                    cstackBANK0  000080
efgtoa@mode                 cstackBANK0  00008D
efgtoa@n                    cstackBANK0  00009E
efgtoa@ne                   cstackBANK0  000082
efgtoa@nmode                cstackBANK0  00008A
efgtoa@ou                   cstackBANK0  00006C
efgtoa@p                    cstackBANK0  000088
efgtoa@pp                   cstackBANK0  00007E
efgtoa@sign                 cstackBANK0  000086
efgtoa@t                    cstackBANK0  00007C
efgtoa@u                    cstackBANK0  0000A0
efgtoa@w                    cstackBANK0  00008B
end_of_initialization       cinit        00478A
enviar_dato@cmd             cstackCOMRAM 000004
floorf@F524                 bssBANK1     000100
floorf@e                    cstackCOMRAM 000050
floorf@m                    cstackCOMRAM 00004C
floorf@u                    cstackCOMRAM 000052
floorf@x                    cstackCOMRAM 000042
fputc@c                     cstackCOMRAM 000002
fputc@fp                    cstackCOMRAM 000004
fputs@c                     cstackCOMRAM 00000F
fputs@fp                    cstackCOMRAM 00000D
fputs@i                     cstackCOMRAM 000010
fputs@s                     cstackCOMRAM 00000B
i2UART_Wrrite_Chr@letra     cstackCOMRAM 000001
i2_UART_Wrrite_Chr          text49       004BEA
int$flags                   temp         00005D
int_func                    intcode_body 003F36
intlevel0                   text         000000
intlevel1                   text         000000
intlevel2                   text         000000
intlevel3                   text         000000
isdigit@c                   cstackCOMRAM 000002
isspace@c                   cstackCOMRAM 000002
isupper@c                   cstackCOMRAM 000002
pad@buf                     cstackCOMRAM 000014
pad@fp                      cstackCOMRAM 000012
pad@i                       cstackCOMRAM 000019
pad@p                       cstackCOMRAM 000016
pad@w                       cstackCOMRAM 00001B
sprintf@ap                  cstackBANK0  0000D6
sprintf@f                   cstackBANK0  0000D8
sprintf@fmt                 cstackBANK0  0000CE
sprintf@s                   cstackBANK0  0000CC
stackhi                     (abs)        0007FF
stacklo                     (abs)        000178
start                       init         00000E
start_initialization        cinit        004738
strcpy@d                    cstackCOMRAM 00000A
strcpy@dest                 cstackCOMRAM 000002
strcpy@s                    cstackCOMRAM 000008
strcpy@src                  cstackCOMRAM 000004
strlen@a                    cstackCOMRAM 000004
strlen@s                    cstackCOMRAM 000002
strncmp@_l                  cstackCOMRAM 000002
strncmp@_r                  cstackCOMRAM 000004
strncmp@l                   cstackCOMRAM 000009
strncmp@n                   cstackCOMRAM 000006
strncmp@r                   cstackCOMRAM 00000B
tolower@c                   cstackCOMRAM 000008
ttemp5                      temp         00005E
ttemp6                      temp         000061
ttemp7                      temp         000065
vfpfcnvrt@ap                cstackBANK0  0000A8
vfpfcnvrt@c                 cstackBANK0  0000C3
vfpfcnvrt@ct                cstackBANK0  0000C0
vfpfcnvrt@f                 cstackBANK0  0000BC
vfpfcnvrt@fmt               cstackBANK0  0000A6
vfpfcnvrt@fp                cstackBANK0  0000A4
vfpfcnvrt@ll                cstackBANK0  0000AE
vfprintf@ap                 cstackBANK0  0000C8
vfprintf@cfmt               cstackBANK0  0000CA
vfprintf@fmt                cstackBANK0  0000C6
vfprintf@fp                 cstackBANK0  0000C4
wtemp8                      temp         00005E


FUNCTION INFORMATION:

 *************** function _main *****************
 Defined at:
		line 215 in file "main.c"
 Parameters:    Size  Location     Type
		None
 Auto vars:     Size  Location     Type
		None
 Return value:  Size  Location     Type
                  1    wreg      void 
 Registers used:
		wreg, fsr1l, fsr1h, fsr2l, fsr2h, status,2, status,0, tblptrl, tblptrh, tblptru, prodl, prodh, cstack
 Tracked objects:
		On entry : 
		On exit  : 
		Unchanged: 
 Data sizes:     COMRAM   BANK0   BANK1   BANK2   BANK3   BANK4   BANK5   BANK6   BANK7
      Params:         0       0       0       0       0       0       0       0       0
      Locals:         0       0       0       0       0       0       0       0       0
      Temps:          0       0       0       0       0       0       0       0       0
      Totals:         0       0       0       0       0       0       0       0       0
Total ram usage:        0 bytes
 Hardware stack levels required when called:   11
 This function calls:
		_ADC_Init
		_LCD_Cmd
		_LCD_Init
		_MenuP
		_UART_Init
		_serial
 This function is called by:
		Startup code after reset
 This function uses a non-reentrant model


 *************** function _serial *****************
 Defined at:
		line 162 in file "main.c"
 Parameters:    Size  Location     Type
		None
 Auto vars:     Size  Location     Type
		None
 Return value:  Size  Location     Type
                  1    wreg      void 
 Registers used:
		wreg, cstack
 Tracked objects:
		On entry : 
		On exit  : 
		Unchanged: 
 Data sizes:     COMRAM   BANK0   BANK1   BANK2   BANK3   BANK4   BANK5   BANK6   BANK7
      Params:         0       0       0       0       0       0       0       0       0
      Locals:         0       0       0       0       0       0       0       0       0
      Temps:          0       0       0       0       0       0       0       0       0
      Totals:         0       0       0       0       0       0       0       0       0
Total ram usage:        0 bytes
 Hardware stack levels used:    1
 Hardware stack levels required when called:    3
 This function calls:
		_UART_Wrrite_Chr
 This function is called by:
		_main
 This function uses a non-reentrant model


 *************** function _UART_Wrrite_Chr *****************
 Defined at:
		line 21 in file "UART_LIB.c"
 Parameters:    Size  Location     Type
  letra           1    wreg     unsigned char 
 Auto vars:     Size  Location     Type
  letra           1    1[COMRAM] unsigned char 
 Return value:  Size  Location     Type
                  1    wreg      void 
 Registers used:
		wreg
 Tracked objects:
		On entry : 
		On exit  : 
		Unchanged: 
 Data sizes:     COMRAM   BANK0   BANK1   BANK2   BANK3   BANK4   BANK5   BANK6   BANK7
      Params:         0       0       0       0       0       0       0       0       0
      Locals:         1       0       0       0       0       0       0       0       0
      Temps:          0       0       0       0       0       0       0       0       0
      Totals:         1       0       0       0       0       0       0       0       0
Total ram usage:        1 bytes
 Hardware stack levels used:    1
 Hardware stack levels required when called:    2
 This function calls:
		Nothing
 This function is called by:
		_serial
 This function uses a non-reentrant model


 *************** function _UART_Init *****************
 Defined at:
		line 6 in file "UART_LIB.c"
 Parameters:    Size  Location     Type
  BAUDRATE        4    0[BANK0 ] long 
 Auto vars:     Size  Location     Type
		None
 Return value:  Size  Location     Type
                  1    wreg      void 
 Registers used:
		wreg, status,2, status,0, prodl, prodh, cstack
 Tracked objects:
		On entry : 
		On exit  : 
		Unchanged: 
 Data sizes:     COMRAM   BANK0   BANK1   BANK2   BANK3   BANK4   BANK5   BANK6   BANK7
      Params:         0       4       0       0       0       0       0       0       0
      Locals:         0       0       0       0       0       0       0       0       0
      Temps:          0       0       0       0       0       0       0       0       0
      Totals:         0       4       0       0       0       0       0       0       0
Total ram usage:        4 bytes
 Hardware stack levels used:    1
 Hardware stack levels required when called:    3
 This function calls:
		___fladd
		___fldiv
		___flmul
		___fltol
		___xxtofl
 This function is called by:
		_main
 This function uses a non-reentrant model


 *************** function _MenuP *****************
 Defined at:
		line 20 in file "main.c"
 Parameters:    Size  Location     Type
		None
 Auto vars:     Size  Location     Type
		None
 Return value:  Size  Location     Type
                  1    wreg      void 
 Registers used:
		wreg, fsr1l, fsr1h, fsr2l, fsr2h, status,2, status,0, tblptrl, tblptrh, tblptru, prodl, prodh, cstack
 Tracked objects:
		On entry : 
		On exit  : 
		Unchanged: 
 Data sizes:     COMRAM   BANK0   BANK1   BANK2   BANK3   BANK4   BANK5   BANK6   BANK7
      Params:         0       0       0       0       0       0       0       0       0
      Locals:         0       0       0       0       0       0       0       0       0
      Temps:          0       0       2       0       0       0       0       0       0
      Totals:         0       0       2       0       0       0       0       0       0
Total ram usage:        2 bytes
 Hardware stack levels used:    1
 Hardware stack levels required when called:   10
 This function calls:
		_ADC_Read
		_LCD_Chr
		_LCD_Cmd
		_LCD_Out
		___flge
		___flmul
		___xxtofl
		_sprintf
 This function is called by:
		_main
 This function uses a non-reentrant model


 *************** function _sprintf *****************
 Defined at:
		line 9 in file "C:\Program Files\Microchip\xc8\v2.20\pic\sources\c99\common\nf_sprintf.c"
 Parameters:    Size  Location     Type
  s               2  108[BANK0 ] PTR unsigned char 
		 -> aux(20), txt(10), 
  fmt             2  110[BANK0 ] PTR const unsigned char 
		 -> STR_23(15), STR_22(3), STR_18(10), STR_17(3), 
		 -> STR_13(16), STR_12(16), STR_11(3), STR_7(3), 
		 -> STR_6(3), 
 Auto vars:     Size  Location     Type
  f               6  120[BANK0 ] struct _IO_FILE
  ap              2  118[BANK0 ] PTR void [1]
		 -> ?_sprintf(2), 
  ret             2    0        int 
 Return value:  Size  Location     Type
                  2  108[BANK0 ] int 
 Registers used:
		wreg, fsr1l, fsr1h, fsr2l, fsr2h, status,2, status,0, tblptrl, tblptrh, tblptru, prodl, prodh, cstack
 Tracked objects:
		On entry : 
		On exit  : 
		Unchanged: 
 Data sizes:     COMRAM   BANK0   BANK1   BANK2   BANK3   BANK4   BANK5   BANK6   BANK7
      Params:         0       8       0       0       0       0       0       0       0
      Locals:         0      10       0       0       0       0       0       0       0
      Temps:          0       0       0       0       0       0       0       0       0
      Totals:         0      18       0       0       0       0       0       0       0
Total ram usage:       18 bytes
 Hardware stack levels used:    1
 Hardware stack levels required when called:    9
 This function calls:
		_vfprintf
 This function is called by:
		_MenuP
 This function uses a non-reentrant model


 *************** function _vfprintf *****************
 Defined at:
		line 1368 in file "C:\Program Files\Microchip\xc8\v2.20\pic\sources\c99\common\doprnt.c"
 Parameters:    Size  Location     Type
  fp              2  100[BANK0 ] PTR struct _IO_FILE
		 -> sprintf@f(6), 
  fmt             2  102[BANK0 ] PTR const unsigned char 
		 -> STR_23(15), STR_22(3), STR_18(10), STR_17(3), 
		 -> STR_13(16), STR_12(16), STR_11(3), STR_7(3), 
		 -> STR_6(3), 
  ap              2  104[BANK0 ] PTR PTR void 
		 -> sprintf@ap(2), 
 Auto vars:     Size  Location     Type
  cfmt            2  106[BANK0 ] PTR unsigned char 
		 -> STR_23(15), STR_22(3), STR_18(10), STR_17(3), 
		 -> STR_13(16), STR_12(16), STR_11(3), STR_7(3), 
		 -> STR_6(3), 
 Return value:  Size  Location     Type
                  2  100[BANK0 ] int 
 Registers used:
		wreg, fsr1l, fsr1h, fsr2l, fsr2h, status,2, status,0, tblptrl, tblptrh, tblptru, prodl, prodh, cstack
 Tracked objects:
		On entry : 
		On exit  : 
		Unchanged: 
 Data sizes:     COMRAM   BANK0   BANK1   BANK2   BANK3   BANK4   BANK5   BANK6   BANK7
      Params:         0       6       0       0       0       0       0       0       0
      Locals:         0       2       0       0       0       0       0       0       0
      Temps:          0       0       0       0       0       0       0       0       0
      Totals:         0       8       0       0       0       0       0       0       0
Total ram usage:        8 bytes
 Hardware stack levels used:    1
 Hardware stack levels required when called:    8
 This function calls:
		_vfpfcnvrt
 This function is called by:
		_sprintf
 This function uses a non-reentrant model


 *************** function _vfpfcnvrt *****************
 Defined at:
		line 670 in file "C:\Program Files\Microchip\xc8\v2.20\pic\sources\c99\common\doprnt.c"
 Parameters:    Size  Location     Type
  fp              2   68[BANK0 ] PTR struct _IO_FILE
		 -> sprintf@f(6), 
  fmt             2   70[BANK0 ] PTR PTR unsigned char 
		 -> vfprintf@cfmt(2), 
  ap              2   72[BANK0 ] PTR PTR void 
		 -> sprintf@ap(2), 
 Auto vars:     Size  Location     Type
  ll              8   78[BANK0 ] long long 
  llu             8    0        unsigned long long 
  f               4   92[BANK0 ] unsigned long long 
  ct              3   96[BANK0 ] unsigned char [3]
  vp              3    0        PTR void 
  cp              3    0        PTR unsigned char 
  i               2    0        int 
  done            2    0        int 
  c               1   99[BANK0 ] unsigned char 
 Return value:  Size  Location     Type
                  2   68[BANK0 ] int 
 Registers used:
		wreg, fsr1l, fsr1h, fsr2l, fsr2h, status,2, status,0, tblptrl, tblptrh, tblptru, prodl, prodh, cstack
 Tracked objects:
		On entry : 
		On exit  : 
		Unchanged: 
 Data sizes:     COMRAM   BANK0   BANK1   BANK2   BANK3   BANK4   BANK5   BANK6   BANK7
      Params:         0       6       0       0       0       0       0       0       0
      Locals:         0      22       0       0       0       0       0       0       0
      Temps:          0       4       0       0       0       0       0       0       0
      Totals:         0      32       0       0       0       0       0       0       0
Total ram usage:       32 bytes
 Hardware stack levels used:    1
 Hardware stack levels required when called:    7
 This function calls:
		_atoi
		_dtoa
		_efgtoa
		_fputc
		_isdigit
		_isupper
		_strncmp
		_tolower
 This function is called by:
		_vfprintf
 This function uses a non-reentrant model


 *************** function _strncmp *****************
 Defined at:
		line 3 in file "C:\Program Files\Microchip\xc8\v2.20\pic\sources\c99\common\strncmp.c"
 Parameters:    Size  Location     Type
  _l              2    1[COMRAM] PTR const unsigned char 
		 -> vfpfcnvrt@ct(3), 
  _r              2    3[COMRAM] PTR const unsigned char 
		 -> STR_35(3), 
  n               2    5[COMRAM] unsigned int 
 Auto vars:     Size  Location     Type
  r               2   10[COMRAM] PTR const unsigned char 
		 -> STR_35(3), 
  l               2    8[COMRAM] PTR const unsigned char 
		 -> vfpfcnvrt@ct(3), 
 Return value:  Size  Location     Type
                  2    1[COMRAM] int 
 Registers used:
		wreg, fsr2l, fsr2h, status,2, status,0, tblptrl, tblptrh, tblptru
 Tracked objects:
		On entry : 
		On exit  : 
		Unchanged: 
 Data sizes:     COMRAM   BANK0   BANK1   BANK2   BANK3   BANK4   BANK5   BANK6   BANK7
      Params:         6       0       0       0       0       0       0       0       0
      Locals:         4       0       0       0       0       0       0       0       0
      Temps:          1       0       0       0       0       0       0       0       0
      Totals:        11       0       0       0       0       0       0       0       0
Total ram usage:       11 bytes
 Hardware stack levels used:    1
 Hardware stack levels required when called:    2
 This function calls:
		Nothing
 This function is called by:
		_vfpfcnvrt
 This function uses a non-reentrant model


 *************** function _efgtoa *****************
 Defined at:
		line 319 in file "C:\Program Files\Microchip\xc8\v2.20\pic\sources\c99\common\doprnt.c"
 Parameters:    Size  Location     Type
  fp              2    0[BANK0 ] PTR struct _IO_FILE
		 -> sprintf@f(6), 
  f               4    2[BANK0 ] PTR struct _IO_FILE
  c               1    6[BANK0 ] unsigned char 
 Auto vars:     Size  Location     Type
  u               4   64[BANK0 ] unsigned char 
  g               4   56[BANK0 ] unsigned char 
  l               4   50[BANK0 ] unsigned char 
  h               4   46[BANK0 ] unsigned char 
  ou              4   12[BANK0 ] unsigned char 
  n               2   62[BANK0 ] int 
  e               2   60[BANK0 ] int 
  i               2   54[BANK0 ] int 
  w               2   43[BANK0 ] int 
  p               2   40[BANK0 ] int 
  sign            2   38[BANK0 ] int 
  d               2   36[BANK0 ] int 
  ne              2   34[BANK0 ] int 
  m               2   32[BANK0 ] int 
  pp              2   30[BANK0 ] int 
  t               2   28[BANK0 ] int 
  mode            1   45[BANK0 ] unsigned char 
  nmode           1   42[BANK0 ] unsigned char 
 Return value:  Size  Location     Type
                  2    0[BANK0 ] int 
 Registers used:
		wreg, fsr1l, fsr1h, fsr2l, fsr2h, status,2, status,0, tblptrl, tblptrh, tblptru, prodl, prodh, cstack
 Tracked objects:
		On entry : 
		On exit  : 
		Unchanged: 
 Data sizes:     COMRAM   BANK0   BANK1   BANK2   BANK3   BANK4   BANK5   BANK6   BANK7
      Params:         0       7       0       0       0       0       0       0       0
      Locals:         0      56       0       0       0       0       0       0       0
      Temps:          0       5       0       0       0       0       0       0       0
      Totals:         0      68       0       0       0       0       0       0       0
Total ram usage:       68 bytes
 Hardware stack levels used:    1
 Hardware stack levels required when called:    6
 This function calls:
		___awdiv
		___awmod
		___fladd
		___fldiv
		___fleq
		___flge
		___flmul
		___flneg
		___flsub
		___fltol
		___fpclassifyf
		_floorf
		_isupper
		_pad
		_strcpy
		_tolower
 This function is called by:
		_vfpfcnvrt
 This function uses a non-reentrant model


 *************** function _tolower *****************
 Defined at:
		line 4 in file "C:\Program Files\Microchip\xc8\v2.20\pic\sources\c99\common\tolower.c"
 Parameters:    Size  Location     Type
  c               2    7[COMRAM] int 
 Auto vars:     Size  Location     Type
		None
 Return value:  Size  Location     Type
                  2    7[COMRAM] int 
 Registers used:
		wreg, status,2, status,0
 Tracked objects:
		On entry : 
		On exit  : 
		Unchanged: 
 Data sizes:     COMRAM   BANK0   BANK1   BANK2   BANK3   BANK4   BANK5   BANK6   BANK7
      Params:         2       0       0       0       0       0       0       0       0
      Locals:         2       0       0       0       0       0       0       0       0
      Temps:          4       0       0       0       0       0       0       0       0
      Totals:         8       0       0       0       0       0       0       0       0
Total ram usage:        8 bytes
 Hardware stack levels used:    1
 Hardware stack levels required when called:    3
 This function calls:
		_isupper
 This function is called by:
		_efgtoa
		_vfpfcnvrt
 This function uses a non-reentrant model


 *************** function _isupper *****************
 Defined at:
		line 5 in file "C:\Program Files\Microchip\xc8\v2.20\pic\sources\c99\common\isupper.c"
 Parameters:    Size  Location     Type
  c               2    1[COMRAM] int 
 Auto vars:     Size  Location     Type
		None
 Return value:  Size  Location     Type
                  2    1[COMRAM] int 
 Registers used:
		wreg, status,2, status,0
 Tracked objects:
		On entry : 
		On exit  : 
		Unchanged: 
 Data sizes:     COMRAM   BANK0   BANK1   BANK2   BANK3   BANK4   BANK5   BANK6   BANK7
      Params:         2       0       0       0       0       0       0       0       0
      Locals:         0       0       0       0       0       0       0       0       0
      Temps:          4       0       0       0       0       0       0       0       0
      Totals:         6       0       0       0       0       0       0       0       0
Total ram usage:        6 bytes
 Hardware stack levels used:    1
 Hardware stack levels required when called:    2
 This function calls:
		Nothing
 This function is called by:
		_efgtoa
		_vfpfcnvrt
		_tolower
 This function uses a non-reentrant model


 *************** function _strcpy *****************
 Defined at:
		line 3 in file "C:\Program Files\Microchip\xc8\v2.20\pic\sources\c99\common\strcpy.c"
 Parameters:    Size  Location     Type
  dest            2    1[COMRAM] PTR unsigned char 
		 -> dbuf(80), 
  src             2    3[COMRAM] PTR const unsigned char 
		 -> STR_30(4), STR_29(4), STR_26(4), STR_25(4), 
		 -> dbuf(80), 
 Auto vars:     Size  Location     Type
  d               2    9[COMRAM] PTR unsigned char 
		 -> dbuf(80), 
  s               2    7[COMRAM] PTR const unsigned char 
		 -> STR_30(4), STR_29(4), STR_26(4), STR_25(4), 
		 -> dbuf(80), 
 Return value:  Size  Location     Type
                  2    1[COMRAM] PTR unsigned char 
 Registers used:
		wreg, fsr1l, fsr1h, fsr2l, fsr2h, status,2, status,0, tblptrl, tblptrh, tblptru
 Tracked objects:
		On entry : 
		On exit  : 
		Unchanged: 
 Data sizes:     COMRAM   BANK0   BANK1   BANK2   BANK3   BANK4   BANK5   BANK6   BANK7
      Params:         4       0       0       0       0       0       0       0       0
      Locals:         4       0       0       0       0       0       0       0       0
      Temps:          2       0       0       0       0       0       0       0       0
      Totals:        10       0       0       0       0       0       0       0       0
Total ram usage:       10 bytes
 Hardware stack levels used:    1
 Hardware stack levels required when called:    2
 This function calls:
		Nothing
 This function is called by:
		_efgtoa
 This function uses a non-reentrant model


 *************** function _floorf *****************
 Defined at:
		line 3 in file "C:\Program Files\Microchip\xc8\v2.20\pic\sources\c99\common\floorf.c"
 Parameters:    Size  Location     Type
  x               4   65[COMRAM] float 
 Auto vars:     Size  Location     Type
  u               4   81[COMRAM] struct .
  m               4   75[COMRAM] unsigned long 
  e               2   79[COMRAM] int 
 Return value:  Size  Location     Type
                  4   65[COMRAM] float 
 Registers used:
		wreg, status,2, status,0
 Tracked objects:
		On entry : 
		On exit  : 
		Unchanged: 
 Data sizes:     COMRAM   BANK0   BANK1   BANK2   BANK3   BANK4   BANK5   BANK6   BANK7
      Params:         4       0       0       0       0       0       0       0       0
      Locals:        10       0       0       0       0       0       0       0       0
      Temps:          6       0       0       0       0       0       0       0       0
      Totals:        20       0       0       0       0       0       0       0       0
Total ram usage:       20 bytes
 Hardware stack levels used:    1
 Hardware stack levels required when called:    2
 This function calls:
		Nothing
 This function is called by:
		_efgtoa
 This function uses a non-reentrant model


 *************** function ___fpclassifyf *****************
 Defined at:
		line 4 in file "C:\Program Files\Microchip\xc8\v2.20\pic\sources\c99\common\__fpclassifyf.c"
 Parameters:    Size  Location     Type
  x               4    1[COMRAM] float 
 Auto vars:     Size  Location     Type
  u               4   11[COMRAM] struct .
  e               2    9[COMRAM] int 
 Return value:  Size  Location     Type
                  2    1[COMRAM] int 
 Registers used:
		wreg, status,2, status,0
 Tracked objects:
		On entry : 
		On exit  : 
		Unchanged: 
 Data sizes:     COMRAM   BANK0   BANK1   BANK2   BANK3   BANK4   BANK5   BANK6   BANK7
      Params:         4       0       0       0       0       0       0       0       0
      Locals:         6       0       0       0       0       0       0       0       0
      Temps:          4       0       0       0       0       0       0       0       0
      Totals:        14       0       0       0       0       0       0       0       0
Total ram usage:       14 bytes
 Hardware stack levels used:    1
 Hardware stack levels required when called:    2
 This function calls:
		Nothing
 This function is called by:
		_efgtoa
 This function uses a non-reentrant model


 *************** function ___fltol *****************
 Defined at:
		line 43 in file "C:\Program Files\Microchip\xc8\v2.20\pic\sources\c99\common\fltol.c"
 Parameters:    Size  Location     Type
  f1              4   81[COMRAM] int 
 Auto vars:     Size  Location     Type
  exp1            1   90[COMRAM] unsigned char 
  sign1           1   89[COMRAM] unsigned char 
 Return value:  Size  Location     Type
                  4   81[COMRAM] long 
 Registers used:
		wreg, status,2, status,0
 Tracked objects:
		On entry : 
		On exit  : 
		Unchanged: 
 Data sizes:     COMRAM   BANK0   BANK1   BANK2   BANK3   BANK4   BANK5   BANK6   BANK7
      Params:         4       0       0       0       0       0       0       0       0
      Locals:         2       0       0       0       0       0       0       0       0
      Temps:          4       0       0       0       0       0       0       0       0
      Totals:        10       0       0       0       0       0       0       0       0
Total ram usage:       10 bytes
 Hardware stack levels used:    1
 Hardware stack levels required when called:    2
 This function calls:
		Nothing
 This function is called by:
		_UART_Init
		_efgtoa
 This function uses a non-reentrant model


 *************** function ___flsub *****************
 Defined at:
		line 245 in file "C:\Program Files\Microchip\xc8\v2.20\pic\sources\c99\common\sprcadd.c"
 Parameters:    Size  Location     Type
  b               4   81[COMRAM] long 
  a               4   85[COMRAM] long 
 Auto vars:     Size  Location     Type
		None
 Return value:  Size  Location     Type
                  4   81[COMRAM] long 
 Registers used:
		wreg, status,2, status,0, cstack
 Tracked objects:
		On entry : 
		On exit  : 
		Unchanged: 
 Data sizes:     COMRAM   BANK0   BANK1   BANK2   BANK3   BANK4   BANK5   BANK6   BANK7
      Params:         8       0       0       0       0       0       0       0       0
      Locals:         0       0       0       0       0       0       0       0       0
      Temps:          0       0       0       0       0       0       0       0       0
      Totals:         8       0       0       0       0       0       0       0       0
Total ram usage:        8 bytes
 Hardware stack levels used:    1
 Hardware stack levels required when called:    3
 This function calls:
		___fladd
 This function is called by:
		_efgtoa
 This function uses a non-reentrant model


 *************** function ___fladd *****************
 Defined at:
		line 10 in file "C:\Program Files\Microchip\xc8\v2.20\pic\sources\c99\common\sprcadd.c"
 Parameters:    Size  Location     Type
  b               4   65[COMRAM] long 
  a               4   69[COMRAM] long 
 Auto vars:     Size  Location     Type
  grs             1   80[COMRAM] unsigned char 
  bexp            1   79[COMRAM] unsigned char 
  aexp            1   78[COMRAM] unsigned char 
  signs           1   77[COMRAM] unsigned char 
 Return value:  Size  Location     Type
                  4   65[COMRAM] unsigned char 
 Registers used:
		wreg, status,2, status,0
 Tracked objects:
		On entry : 
		On exit  : 
		Unchanged: 
 Data sizes:     COMRAM   BANK0   BANK1   BANK2   BANK3   BANK4   BANK5   BANK6   BANK7
      Params:         8       0       0       0       0       0       0       0       0
      Locals:         4       0       0       0       0       0       0       0       0
      Temps:          4       0       0       0       0       0       0       0       0
      Totals:        16       0       0       0       0       0       0       0       0
Total ram usage:       16 bytes
 Hardware stack levels used:    1
 Hardware stack levels required when called:    2
 This function calls:
		Nothing
 This function is called by:
		_UART_Init
		___flsub
		_efgtoa
 This function uses a non-reentrant model


 *************** function ___flneg *****************
 Defined at:
		line 15 in file "C:\Program Files\Microchip\xc8\v2.20\pic\sources\c99\common\flneg.c"
 Parameters:    Size  Location     Type
  f1              4    1[COMRAM] unsigned char 
 Auto vars:     Size  Location     Type
		None
 Return value:  Size  Location     Type
                  4    1[COMRAM] unsigned char 
 Registers used:
		wreg, status,2, status,0
 Tracked objects:
		On entry : 
		On exit  : 
		Unchanged: 
 Data sizes:     COMRAM   BANK0   BANK1   BANK2   BANK3   BANK4   BANK5   BANK6   BANK7
      Params:         4       0       0       0       0       0       0       0       0
      Locals:         0       0       0       0       0       0       0       0       0
      Temps:          0       0       0       0       0       0       0       0       0
      Totals:         4       0       0       0       0       0       0       0       0
Total ram usage:        4 bytes
 Hardware stack levels used:    1
 Hardware stack levels required when called:    2
 This function calls:
		Nothing
 This function is called by:
		_efgtoa
 This function uses a non-reentrant model


 *************** function ___flmul *****************
 Defined at:
		line 8 in file "C:\Program Files\Microchip\xc8\v2.20\pic\sources\c99\common\sprcmul.c"
 Parameters:    Size  Location     Type
  b               4   15[COMRAM] unsigned char 
  a               4   19[COMRAM] unsigned char 
 Auto vars:     Size  Location     Type
  prod            4   34[COMRAM] struct .
  grs             4   29[COMRAM] unsigned long 
  temp            2   38[COMRAM] struct .
  bexp            1   33[COMRAM] unsigned char 
  aexp            1   28[COMRAM] unsigned char 
  sign            1   27[COMRAM] unsigned char 
 Return value:  Size  Location     Type
                  4   15[COMRAM] unsigned char 
 Registers used:
		wreg, status,2, status,0, prodl, prodh
 Tracked objects:
		On entry : 
		On exit  : 
		Unchanged: 
 Data sizes:     COMRAM   BANK0   BANK1   BANK2   BANK3   BANK4   BANK5   BANK6   BANK7
      Params:         8       0       0       0       0       0       0       0       0
      Locals:        13       0       0       0       0       0       0       0       0
      Temps:          4       0       0       0       0       0       0       0       0
      Totals:        25       0       0       0       0       0       0       0       0
Total ram usage:       25 bytes
 Hardware stack levels used:    1
 Hardware stack levels required when called:    2
 This function calls:
		Nothing
 This function is called by:
		_MenuP
		_UART_Init
		_efgtoa
 This function uses a non-reentrant model


 *************** function ___flge *****************
 Defined at:
		line 4 in file "C:\Program Files\Microchip\xc8\v2.20\pic\sources\c99\common\flge.c"
 Parameters:    Size  Location     Type
  ff1             4   40[COMRAM] unsigned char 
  ff2             4   44[COMRAM] unsigned char 
 Auto vars:     Size  Location     Type
		None
 Return value:  Size  Location     Type
		None               void
 Registers used:
		wreg, status,2, status,0
 Tracked objects:
		On entry : 
		On exit  : 
		Unchanged: 
 Data sizes:     COMRAM   BANK0   BANK1   BANK2   BANK3   BANK4   BANK5   BANK6   BANK7
      Params:         8       0       0       0       0       0       0       0       0
      Locals:         0       0       0       0       0       0       0       0       0
      Temps:          4       0       0       0       0       0       0       0       0
      Totals:        12       0       0       0       0       0       0       0       0
[...]
 This function is called by:
		_MenuP
		_LCD_LIMPIA_FILA
 This function uses a non-reentrant model


 *************** function _LCD_Chr_Cp *****************
 Defined at:
		line 81 in file "LIBRERIA_LCD.c"
 Parameters:    Size  Location     Type
  letra           1    wreg     unsigned char 
 Auto vars:     Size  Location     Type
  letra           1    4[COMRAM] unsigned char 
 Return value:  Size  Location     Type
                  1    wreg      void 
 Registers used:
		wreg, status,2, status,0, cstack
 Tracked objects:
		On entry : 
		On exit  : 
		Unchanged: 
 Data sizes:     COMRAM   BANK0   BANK1   BANK2   BANK3   BANK4   BANK5   BANK6   BANK7
      Params:         0       0       0       0       0       0       0       0       0
      Locals:         1       0       0       0       0       0       0       0       0
      Temps:          0       0       0       0       0       0       0       0       0
      Totals:         1       0       0       0       0       0       0       0       0
Total ram usage:        1 bytes
 Hardware stack levels used:    1
 Hardware stack levels required when called:    3
 This function calls:
		_enviar_dato
 This function is called by:
		_LCD_Out
		_LCD_Out_Cp
 This function uses a non-reentrant model


 *************** function _LCD_Chr *****************
 Defined at:
		line 107 in file "LIBRERIA_LCD.c"
 Parameters:    Size  Location     Type
  y               1    wreg     unsigned char 
  x               1    9[COMRAM] unsigned char 
  letra           1   10[COMRAM] unsigned char 
 Auto vars:     Size  Location     Type
  y               1   11[COMRAM] unsigned char 
 Return value:  Size  Location     Type
                  1    wreg      void 
 Registers used:
		wreg, status,2, status,0, cstack
 Tracked objects:
		On entry : 
		On exit  : 
		Unchanged: 
 Data sizes:     COMRAM   BANK0   BANK1   BANK2   BANK3   BANK4   BANK5   BANK6   BANK7
      Params:         2       0       0       0       0       0       0       0       0
      Locals:         1       0       0       0       0       0       0       0       0
      Temps:          0       0       0       0       0       0       0       0       0
      Totals:         3       0       0       0       0       0       0       0       0
Total ram usage:        3 bytes
 Hardware stack levels used:    1
 Hardware stack levels required when called:    5
 This function calls:
		_LCD_XY
		_enviar_dato
 This function is called by:
		_MenuP
 This function uses a non-reentrant model


 *************** function _LCD_XY *****************
 Defined at:
		line 95 in file "LIBRERIA_LCD.c"
 Parameters:    Size  Location     Type
  y               1    wreg     unsigned char 
  x               1    5[COMRAM] unsigned char 
 Auto vars:     Size  Location     Type
  y               1    8[COMRAM] unsigned char 
 Return value:  Size  Location     Type
                  1    wreg      void 
 Registers used:
		wreg, status,2, status,0, cstack
 Tracked objects:
		On entry : 
		On exit  : 
		Unchanged: 
 Data sizes:     COMRAM   BANK0   BANK1   BANK2   BANK3   BANK4   BANK5   BANK6   BANK7
      Params:         1       0       0       0       0       0       0       0       0
      Locals:         1       0       0       0       0       0       0       0       0
      Temps:          2       0       0       0       0       0       0       0       0
      Totals:         4       0       0       0       0       0       0       0       0
Total ram usage:        4 bytes
 Hardware stack levels used:    1
 Hardware stack levels required when called:    4
 This function calls:
		_LCD_Cmd
 This function is called by:
		_LCD_Chr
		_LCD_Out
 This function uses a non-reentrant model


 *************** function _LCD_Cmd *****************
 Defined at:
		line 88 in file "LIBRERIA_LCD.c"
 Parameters:    Size  Location     Type
  cmd             1    wreg     unsigned char 
 Auto vars:     Size  Location     Type
  cmd             1    4[COMRAM] unsigned char 
 Return value:  Size  Location     Type
                  1    wreg      void 
 Registers used:
		wreg, status,2, status,0, cstack
 Tracked objects:
		On entry : 
		On exit  : 
		Unchanged: 
 Data sizes:     COMRAM   BANK0   BANK1   BANK2   BANK3   BANK4   BANK5   BANK6   BANK7
      Params:         0       0       0       0       0       0       0       0       0
      Locals:         1       0       0       0       0       0       0       0       0
      Temps:          0       0       0       0       0       0       0       0       0
      Totals:         1       0       0       0       0       0       0       0       0
Total ram usage:        1 bytes
 Hardware stack levels used:    1
 Hardware stack levels required when called:    3
 This function calls:
		_enviar_dato
 This function is called by:
		_MenuP
		_main
		_LCD_XY
 This function uses a non-reentrant model


 *************** function _ADC_Read *****************
 Defined at:
		line 30 in file "./LIBRERIA_ADC.h"
 Parameters:    Size  Location     Type
  miCanal         1    wreg     unsigned char 
 Auto vars:     Size  Location     Type
  miCanal         1    7[COMRAM] unsigned char 
  miConver        2    5[COMRAM] int 
 Return value:  Size  Location     Type
                  2    1[COMRAM] int 
 Registers used:
		wreg, status,2, status,0
 Tracked objects:
		On entry : 
		On exit  : 
		Unchanged: 
 Data sizes:     COMRAM   BANK0   BANK1   BANK2   BANK3   BANK4   BANK5   BANK6   BANK7
      Params:         2       0       0       0       0       0       0       0       0
      Locals:         3       0       0       0       0       0       0       0       0
      Temps:          2       0       0       0       0       0       0       0       0
      Totals:         7       0       0       0       0       0       0       0       0
Total ram usage:        7 bytes
 Hardware stack levels used:    1
 Hardware stack levels required when called:    2
 This function calls:
		Nothing
 This function is called by:
		_MenuP
 This function uses a non-reentrant model


 *************** function _LCD_Init *****************
 Defined at:
		line 5 in file "LIBRERIA_LCD.c"
 Parameters:    Size  Location     Type
		None
 Auto vars:     Size  Location     Type
		None
 Return value:  Size  Location     Type
                  1    wreg      void 
 Registers used:
		wreg, status,2, status,0, cstack
 Tracked objects:
		On entry : 
		On exit  : 
		Unchanged: 
 Data sizes:     COMRAM   BANK0   BANK1   BANK2   BANK3   BANK4   BANK5   BANK6   BANK7
      Params:         0       0       0       0       0       0       0       0       0
      Locals:         0       0       0       0       0       0       0       0       0
      Temps:          1       0       0       0       0       0       0       0       0
      Totals:         1       0       0       0       0       0       0       0       0
Total ram usage:        1 bytes
 Hardware stack levels used:    1
 Hardware stack levels required when called:    3
 This function calls:
		_enviar_dato
 This function is called by:
		_main
 This function uses a non-reentrant model


 *************** function _enviar_dato *****************
 Defined at:
		line 42 in file "LIBRERIA_LCD.c"
 Parameters:    Size  Location     Type
  cmd             1    wreg     unsigned char 
 Auto vars:     Size  Location     Type
  cmd             1    3[COMRAM] unsigned char 
 Return value:  Size  Location     Type
                  1    wreg      void 
 Registers used:
		wreg, status,2, status,0
 Tracked objects:
		On entry : 
		On exit  : 
		Unchanged: 
 Data sizes:     COMRAM   BANK0   BANK1   BANK2   BANK3   BANK4   BANK5   BANK6   BANK7
      Params:         0       0       0       0       0       0       0       0       0
      Locals:         1       0       0       0       0       0       0       0       0
      Temps:          2       0       0       0       0       0       0       0       0
      Totals:         3       0       0       0       0       0       0       0       0
Total ram usage:        3 bytes
 Hardware stack levels used:    1
 Hardware stack levels required when called:    2
 This function calls:
		Nothing
 This function is called by:
		_LCD_Init
		_LCD_Chr_Cp
		_LCD_Cmd
		_LCD_Chr
 This function uses a non-reentrant model


 *************** function _ADC_Init *****************
 Defined at:
		line 24 in file "./LIBRERIA_ADC.h"
 Parameters:    Size  Location     Type
  kTad            2    1[COMRAM] int 
  kTosc           2    3[COMRAM] int 
 Auto vars:     Size  Location     Type
		None
 Return value:  Size  Location     Type
                  1    wreg      void 
 Registers used:
		wreg, status,2, status,0
 Tracked objects:
		On entry : 
		On exit  : 
		Unchanged: 
 Data sizes:     COMRAM   BANK0   BANK1   BANK2   BANK3   BANK4   BANK5   BANK6   BANK7
      Params:         4       0       0       0       0       0       0       0       0
      Locals:         0       0       0       0       0       0       0       0       0
      Temps:          1       0       0       0       0       0       0       0       0
      Totals:         5       0       0       0       0       0       0       0       0
Total ram usage:        5 bytes
 Hardware stack levels used:    1
 Hardware stack levels required when called:    2
 This function calls:
		Nothing
 This function is called by:
		_main
 This function uses a non-reentrant model


 *************** function _nombre *****************
 Defined at:
		line 135 in file "main.c"
 Parameters:    Size  Location     Type
		None
 Auto vars:     Size  Location     Type
		None
 Return value:  Size  Location     Type
                  1    wreg      void 
 Registers used:
		wreg, status,2, status,0, cstack
 Tracked objects:
		On entry : 
		On exit  : 
		Unchanged: 
 Data sizes:     COMRAM   BANK0   BANK1   BANK2   BANK3   BANK4   BANK5   BANK6   BANK7
      Params:         0       0       0       0       0       0       0       0       0
      Locals:         0       0       0       0       0       0       0       0       0
      Temps:          0       0       0       0       0       0       0       0       0
      Totals:         0       0       0       0       0       0       0       0       0
Total ram usage:        0 bytes
 Hardware stack levels used:    1
 Hardware stack levels required when called:    1
 This function calls:
		_UART_Read
		i2_UART_Wrrite_Chr
 This function is called by:
		Interrupt level 2
 This function uses a non-reentrant model


 *************** function i2_UART_Wrrite_Chr *****************
 Defined at:
		line 21 in file "UART_LIB.c"
 Parameters:    Size  Location     Type
  letra           1    wreg     unsigned char 
 Auto vars:     Size  Location     Type
  letra           1    0[COMRAM] unsigned char 
 Return value:  Size  Location     Type
                  1    wreg      void 
 Registers used:
		wreg
 Tracked objects:
		On entry : 
		On exit  : 
		Unchanged: 
 Data sizes:     COMRAM   BANK0   BANK1   BANK2   BANK3   BANK4   BANK5   BANK6   BANK7
      Params:         0       0       0       0       0       0       0       0       0
      Locals:         1       0       0       0       0       0       0       0       0
      Temps:          0       0       0       0       0       0       0       0       0
      Totals:         1       0       0       0       0       0       0       0       0
Total ram usage:        1 bytes
 Hardware stack levels used:    1
 This function calls:
		Nothing
 This function is called by:
		_nombre
 This function uses a non-reentrant model


 *************** function _UART_Read *****************
 Defined at:
		line 26 in file "UART_LIB.c"
 Parameters:    Size  Location     Type
		None
 Auto vars:     Size  Location     Type
		None
 Return value:  Size  Location     Type
                  1    wreg      unsigned char 
 Registers used:
		wreg, status,2
 Tracked objects:
		On entry : 
		On exit  : 
		Unchanged: 
 Data sizes:     COMRAM   BANK0   BANK1   BANK2   BANK3   BANK4   BANK5   BANK6   BANK7
      Params:         0       0       0       0       0       0       0       0       0
      Locals:         0       0       0       0       0       0       0       0       0
      Temps:          0       0       0       0       0       0       0       0       0
      Totals:         0       0       0       0       0       0       0       0       0
Total ram usage:        0 bytes
 Hardware stack levels used:    1
 This function calls:
		Nothing
 This function is called by:
		_nombre
 This function uses a non-reentrant model



MODULE INFORMATION

Module		Function		Class		Link	Load	Size
UART_LIB.c
		_UART_Read     		CODE           	4BBC	0000	25
		_UART_Init     		CODE           	4540	0000	169
		_UART_Wrrite_Chr		CODE           	4BD4	0000	23

UART_LIB.c estimated size: 217

LIBRERIA_LCD.c
		_LCD_Init      		CODE           	43EA	0000	173
		_LCD_Out       		CODE           	466A	0000	109
		_LCD_Chr       		CODE           	4BA4	0000	25
		_LCD_Chr_Cp    		CODE           	4C00	0000	15
		_LCD_XY        		CODE           	45E8	0000	131
		_LCD_Cmd       		CODE           	4C0E	0000	15
		_enviar_dato   		CODE           	39E6	0000	301

LIBRERIA_LCD.c estimated size: 769

C:\Program Files\Microchip\xc8\v2.20\pic\sources\c99\common\nf_fputc.c
		_fputc         		CODE           	40E6	0000	203

C:\Program Files\Microchip\xc8\v2.20\pic\sources\c99\common\nf_fputc.c estimated size: 203

./LIBRERIA_ADC.h
		_ADC_Read      		CODE           	4996	0000	71
		_ADC_Init      		CODE           	4B64	0000	35

./LIBRERIA_ADC.h estimated size: 106

C:\Program Files\Microchip\xc8\v2.20\pic\sources\c99\common\isdigit.c
		_isdigit       		CODE           	4AD0	0000	57

C:\Program Files\Microchip\xc8\v2.20\pic\sources\c99\common\isdigit.c estimated size: 57

C:\Program Files\Microchip\xc8\v2.20\pic\sources\c99\common\sprcadd.c
		___flsub       		CODE           	4950	0000	71
		___fladd       		CODE           	223C	0000	1217

C:\Program Files\Microchip\xc8\v2.20\pic\sources\c99\common\sprcadd.c estimated size: 1288

C:\Program Files\Microchip\xc8\v2.20\pic\sources\c99\common\doprnt.c
		_vfpfcnvrt     		CODE           	1C08	0000	1589
		_efgtoa        		CODE           	08D8	0000	2993
		_pad           		CODE           	41B0	0000	199
		_dtoa          		CODE           	2EC0	0000	741
		_vfprintf      		CODE           	46D6	0000	99

C:\Program Files\Microchip\xc8\v2.20\pic\sources\c99\common\doprnt.c estimated size: 5621

C:\Program Files\Microchip\xc8\v2.20\pic\sources\c99\common\flneg.c
		___flneg       		CODE           	4A98	0000	57

C:\Program Files\Microchip\xc8\v2.20\pic\sources\c99\common\flneg.c estimated size: 57

C:\Program Files\Microchip\xc8\v2.20\pic\sources\c99\common\Umul16.c
		___wmul        		CODE           	4B3E	0000	39

C:\Program Files\Microchip\xc8\v2.20\pic\sources\c99\common\Umul16.c estimated size: 39

C:\Program Files\Microchip\xc8\v2.20\pic\sources\c99\common\aomod.c
		___aomod       		CODE           	3882	0000	357

C:\Program Files\Microchip\xc8\v2.20\pic\sources\c99\common\aomod.c estimated size: 357

C:\Program Files\Microchip\xc8\v2.20\pic\sources\c99\common\flge.c
		___flge        		CODE           	3D34	0000	261

C:\Program Files\Microchip\xc8\v2.20\pic\sources\c99\common\flge.c estimated size: 261

C:\Program Files\Microchip\xc8\v2.20\pic\sources\c99\common\nf_sprintf.c
		_sprintf       		CODE           	48AC	0000	83

C:\Program Files\Microchip\xc8\v2.20\pic\sources\c99\common\nf_sprintf.c estimated size: 83

C:\Program Files\Microchip\xc8\v2.20\pic\sources\c99\common\awmod.c
		___awmod       		CODE           	433A	0000	177

C:\Program Files\Microchip\xc8\v2.20\pic\sources\c99\common\awmod.c estimated size: 177

C:\Program Files\Microchip\xc8\v2.20\pic\sources\c99\common\putch.c
		_putch         		CODE           	4C1E	0000	3

C:\Program Files\Microchip\xc8\v2.20\pic\sources\c99\common\putch.c estimated size: 3

C:\Program Files\Microchip\xc8\v2.20\pic\sources\c99\common\nf_fputs.c
		_fputs         		CODE           	49DC	0000	69

C:\Program Files\Microchip\xc8\v2.20\pic\sources\c99\common\nf_fputs.c estimated size: 69

C:\Program Files\Microchip\xc8\v2.20\pic\sources\c99\common\isupper.c
		_isupper       		CODE           	4A60	0000	57

C:\Program Files\Microchip\xc8\v2.20\pic\sources\c99\common\isupper.c estimated size: 57

shared
		__initialization		CODE           	4738	0000	83
		i2_UART_Wrrite_Chr		CODE           	4BEA	0000	23

shared estimated size: 106

C:\Program Files\Microchip\xc8\v2.20\pic\sources\c99\common\isspace.c
		_isspace       		CODE           	48FE	0000	83

C:\Program Files\Microchip\xc8\v2.20\pic\sources\c99\common\isspace.c estimated size: 83

C:\Program Files\Microchip\xc8\v2.20\pic\sources\c99\common\aodiv.c
		___aodiv       		CODE           	36FA	0000	393

C:\Program Files\Microchip\xc8\v2.20\pic\sources\c99\common\aodiv.c estimated size: 393

C:\Program Files\Microchip\xc8\v2.20\pic\sources\c99\common\abs.c
		_abs           		CODE           	4A20	0000	65

C:\Program Files\Microchip\xc8\v2.20\pic\sources\c99\common\abs.c estimated size: 65

C:\Program Files\Microchip\xc8\v2.20\pic\sources\c99\common\strlen.c
		_strlen        		CODE           	4B08	0000	55

C:\Program Files\Microchip\xc8\v2.20\pic\sources\c99\common\strlen.c estimated size: 55

C:\Program Files\Microchip\xc8\v2.20\pic\sources\c99\common\strncmp.c
		_strncmp       		CODE           	4010	0000	215

C:\Program Files\Microchip\xc8\v2.20\pic\sources\c99\common\strncmp.c estimated size: 215

C:\Program Files\Microchip\xc8\v2.20\pic\sources\c99\common\tolower.c
		_tolower       		CODE           	4798	0000	97

C:\Program Files\Microchip\xc8\v2.20\pic\sources\c99\common\tolower.c estimated size: 97

C:\Program Files\Microchip\xc8\v2.20\pic\sources\c99\common\floorf.c
		_floorf        		CODE           	31A4	0000	531

C:\Program Files\Microchip\xc8\v2.20\pic\sources\c99\common\floorf.c estimated size: 531

C:\Program Files\Microchip\xc8\v2.20\pic\sources\c99\common\sprcmul.c
		___flmul       		CODE           	26FC	0000	1067

C:\Program Files\Microchip\xc8\v2.20\pic\sources\c99\common\sprcmul.c estimated size: 1067

C:\Program Files\Microchip\xc8\v2.20\pic\sources\c99\common\strcpy.c
		_strcpy        		CODE           	47F8	0000	93

C:\Program Files\Microchip\xc8\v2.20\pic\sources\c99\common\strcpy.c estimated size: 93

C:\Program Files\Microchip\xc8\v2.20\pic\sources\c99\common\sprcdiv.c
		___fldiv       		CODE           	2B26	0000	923

C:\Program Files\Microchip\xc8\v2.20\pic\sources\c99\common\sprcdiv.c estimated size: 923

C:\Program Files\Microchip\xc8\v2.20\pic\sources\c99\common\awdiv.c
		___awdiv       		CODE           	4276	0000	197

C:\Program Files\Microchip\xc8\v2.20\pic\sources\c99\common\awdiv.c estimated size: 197

C:\Program Files\Microchip\xc8\v2.20\pic\sources\c99\common\atoi.c
		_atoi          		CODE           	356A	0000	401

C:\Program Files\Microchip\xc8\v2.20\pic\sources\c99\common\atoi.c estimated size: 401

C:\Program Files\Microchip\xc8\v2.20\pic\sources\c99\common\__fpclassifyf.c
		___fpclassifyf 		CODE           	3E38	0000	255

C:\Program Files\Microchip\xc8\v2.20\pic\sources\c99\common\__fpclassifyf.c estimated size: 255

C:\Program Files\Microchip\xc8\v2.20\pic\sources\c99\common\fltol.c
		___fltol       		CODE           	3C2E	0000	263

C:\Program Files\Microchip\xc8\v2.20\pic\sources\c99\common\fltol.c estimated size: 263

C:\Program Files\Microchip\xc8\v2.20\pic\sources\c99\common\fleq.c
		___fleq        		CODE           	4496	0000	171

C:\Program Files\Microchip\xc8\v2.20\pic\sources\c99\common\fleq.c estimated size: 171

main.c
		_nombre        		CODE           	0008	0000	225
		_serial        		CODE           	3B12	0000	285
		_main          		CODE           	4854	0000	89
		_MenuP         		CODE           	1488	0000	1921

main.c estimated size: 2520

C:\Program Files\Microchip\xc8\v2.20\pic\sources\c99\common\xxtofl.c
		___xxtofl      		CODE           	33B6	0000	437

C:\Program Files\Microchip\xc8\v2.20\pic\sources\c99\common\xxtofl.c estimated size: 437

